// Jest Snapshot v1, https://goo.gl/fbAQLP

exports[`Video Grid renders with title prop 1`] = `<div />`;

exports[`Video Grid renders without divider 1`] = `<div />`;

exports[`Video Grid renders without props 1`] = `<div />`;
