// Jest Snapshot v1, https://goo.gl/fbAQLP

exports[`Watch renders 1`] = `
<div
  className="watch-grid"
>
  <Video
    className="video"
    id="6ZfuNTqbHE8"
  />
  <VideoMetadata
    className="metadata"
    viewCount={10000000}
  />
  <VideoInfoBox
    className="video-info-box"
  />
  <div
    className="comments"
    style={
      Object {
        "background": "#9013FE",
        "height": "100px",
        "width": "100%",
      }
    }
  >
    Comments
  </div>
  <RelatedVideos
    className="related-videos"
  />
</div>
`;
