// Jest Snapshot v1, https://goo.gl/fbAQLP

exports[`Video Preview renders horizontally 1`] = `<div />`;

exports[`Video Preview renders vertically 1`] = `<div />`;
